▲ Next.js 16.3.8 (Turbopack)
✓ Running next.config.ts took 472ms

  Creating an optimized production build ...
✓ Compiled successfully in 10.0s
  Running TypeScript ...
  Finished TypeScript in 2.9s ...
  Collecting page data using 15 workers ...
  Generating static pages using 15 workers (0/20) ...
  Generating static pages using 15 workers (5/20)
  Generating static pages using 15 workers (10/20)
  Generating static pages using 15 workers (15/20)
✓ Generating static pages using 15 workers (20/20) in 517ms
  Finalizing page optimization ...

Route (app)
┌ ƒ /
├ ƒ /_not-found
├ ƒ /api/auth/invalidation-events
├ ƒ /api/auth/lock
├ ƒ /api/auth/login
├ ƒ /api/auth/logout
├ ƒ /api/auth/me
├ ƒ /api/auth/reauthenticate
├ ƒ /api/auth/switch-operator
├ ƒ /api/catalog-assets/[icon]/[filename]
├ ƒ /api/guest/[...path]
├ ƒ /api/pos/[...path]
├ ƒ /api/realtime/[...path]
├ ƒ /bar
├ ƒ /cash
├ ƒ /guest/[token]
├ ƒ /kitchen
├ ƒ /manage
├ ƒ /manage/catalog
├ ƒ /manifest.webmanifest
├ ƒ /pos
├ ƒ /refunds
├ ƒ /reports
└ ƒ /staff


ƒ Proxy (Middleware)

ƒ  (Dynamic)  server-rendered on demand
